../Core/Src/main.c:126:5:main	16	static
../Core/Src/main.c:235:6:SystemClock_Config	88	static
../Core/Src/main.c:282:13:MX_I2C1_Init	8	static
../Core/Src/main.c:316:13:MX_GPIO_Init	24	static
../Core/Src/main.c:343:6:StartAcquisitionTask	16	static
../Core/Src/main.c:358:6:StartProcessingTask	56	static
../Core/Src/main.c:465:6:StartDefaultTask	16	static
../Core/Src/main.c:481:6:StartDisplayTask	56	static
../Core/Src/main.c:532:6:StartTask02	16	static
../Core/Src/main.c:542:6:HAL_TIM_PeriodElapsedCallback	16	static
../Core/Src/main.c:560:6:Error_Handler	4	static,ignoring_inline_asm
